[backblue.gif]
[fade.gif]
[index.html]
[abkaabi.com/public/fav.png]
[abkaabi.com/public/assets/images/logo.png]
[abkaabi.com/uploads/482183a9cb9f072860dde21c65aab3ca.jpg]
[abkaabi.com/uploads/f4bad7a0fd71b13f4c0a7eaa7064dab6.png]
[abkaabi.com/public/assets/images/youtube.png]
[abkaabi.com/public/assets/images/twitter.png]
[abkaabi.com/public/assets/images/snap.png]
[abkaabi.com/public/assets/images/instagram.png]
[abkaabi.com/uploads/76401e670485aada5954c9efad036573.png]
[abkaabi.com/public/assets/js/jquery-1.12.4.min.js]
[abkaabi.com/public/assets/js/bootstrap.min.js]
[abkaabi.com/public/assets/plugins/owl.carousel/owl.carousel.min.js]
[abkaabi.com/public/assets/js/scripts.0.0.1.js]
[abkaabi.com/index.html]
[abkaabi.com/public/assets/fonts/din-next-light.otf]
[abkaabi.com/public/assets/fonts/din-next-regular.otf]
[abkaabi.com/public/assets/fonts/din-next-medium.otf]
[abkaabi.com/public/assets/fonts/din-next-bold.otf]
[abkaabi.com/public/assets/fonts/fontawesome-webfont3e6e.eot]
[abkaabi.com/public/assets/fonts/fontawesome-webfontd41d.eot]
[abkaabi.com/public/assets/fonts/fontawesome-webfont3e6e.woff2]
[abkaabi.com/public/assets/fonts/fontawesome-webfont3e6e.woff]
[abkaabi.com/public/assets/fonts/fontawesome-webfont3e6e.ttf]
[abkaabi.com/public/assets/fonts/glyphicons-halflings-regular.eot]
[abkaabi.com/public/assets/fonts/glyphicons-halflings-regulard41d.eot]
[abkaabi.com/public/assets/fonts/glyphicons-halflings-regular.woff2]
[abkaabi.com/public/assets/fonts/glyphicons-halflings-regular.woff]
[abkaabi.com/public/assets/fonts/glyphicons-halflings-regular.ttf]
[abkaabi.com/public/assets/images/footer-bg.png]
[abkaabi.com/public/assets/images/body-bg.jpg]
[abkaabi.com/public/assets/css/style.css]
[abkaabi.com/uploads/fbedd07704109fe82b25eae969fb731b.jpg]
[abkaabi.com/uploads/a81e4527c94e078fbe219703ab85d94d.png]
[abkaabi.com/uploads/a988d58e8eb06010f5457246498a28be.jpg]
[abkaabi.com/site/cat/5.html]
[abkaabi.com/uploads/c5847d5042d903fab7edeeb275798983.jpg]
[abkaabi.com/site/cat/4.html]
[abkaabi.com/.html]
[abkaabi.com/public/assets/fonts/fontawesome-webfont3e6e.svg]
[abkaabi.com/public/assets/fonts/glyphicons-halflings-regular.svg]
[abkaabi.com/public/assets/css/owl.video.play.html]
[abkaabi.com/site/show/58.html]
[abkaabi.com/site/show/57.html]
[abkaabi.com/site/show/56.html]
[abkaabi.com/site.html]
[abkaabi.com/site/show/27.html]
